../Core/Src/main.c:110:20:Fill_TestPattern	16	static
../Core/Src/main.c:154:20:avg_interleaved_block	40	static
../Core/Src/main.c:180:6:app_check_when_ready	8	static
../Core/Src/main.c:192:6:HAL_ADC_ConvCpltCallback	16	static
../Core/Src/main.c:222:6:HAL_MDMA_BufferCpltCallback	16	static
../Core/Src/main.c:232:6:HAL_MDMA_BlockCpltCallback	16	static
../Core/Src/main.c:238:6:HAL_MDMA_FullCpltCallback	16	static
../Core/Src/main.c:253:5:main	24	static
../Core/Src/main.c:421:6:SystemClock_Config	120	static
../Core/Src/main.c:476:13:MX_ADC1_Init	48	static
../Core/Src/main.c:552:13:MX_DMA_Init	16	static
../Core/Src/main.c:575:13:MX_MDMA_Init	96	static
../Core/Src/main.c:811:13:MX_GPIO_Init	48	static
../Core/Src/main.c:878:6:BSP_PB_Callback	16	static
../Core/Src/main.c:890:6:Error_Handler	4	static,ignoring_inline_asm
